============================================================
  GROUNDING ENGINE VERIFICATION HARNESS
============================================================

============================================================
  Case 1 – STOP with all-O CRF tags (emergency brake bypass)
============================================================
{
  "status": "SUCCESS",
  "command": {
    "intent": "STOP_COMMAND",
    "action": "STOP",
    "type": "EMERGENCY_BRAKE"
  },
  "parameters": {
    "spatial": {
      "direction": null,
      "quantity": null,
      "unit": null
    },
    "temporal": {
      "is_scheduled": false,
      "execute_at": null,
      "interval_quantity": null,
      "interval_unit": null
    }
  },
  "pipeline_metadata": {
    "fallback_triggered": false,
    "fallback_reason": null
  }
}

============================================================
  Case 2 – Valid DIRECT_COMMAND: 'maju dua meter' (textual quantity)
============================================================
{
  "status": "SUCCESS",
  "command": {
    "intent": "DIRECT_COMMAND",
    "action": "MOVE_FORWARD"
  },
  "parameters": {
    "spatial": {
      "direction": "FRONT",
      "quantity": 2.0,
      "unit": "METER"
    },
    "temporal": {
      "is_scheduled": false,
      "execute_at": null,
      "interval_quantity": null,
      "interval_unit": null
    }
  },
  "pipeline_metadata": {
    "fallback_triggered": true,
    "fallback_reason": "DIRECTION_FALLBACK: No DIRECTION slot found for action 'MOVE_FORWARD'. Assigned default direction 'FRONT'."
  }
}

============================================================
  Case 3 – Valid SCHEDULED_COMMAND: 'putar ke kiri 90 derajat besok jam 3 sore'
============================================================
{
  "status": "SUCCESS",
  "command": {
    "intent": "SCHEDULED_COMMAND",
    "action": "ROTATE"
  },
  "parameters": {
    "spatial": {
      "direction": "LEFT",
      "quantity": 90.0,
      "unit": "DERAJAT"
    },
    "temporal": {
      "is_scheduled": true,
      "execute_at": "besok, jam 3 sore",
      "interval_quantity": null,
      "interval_unit": null
    }
  },
  "pipeline_metadata": {
    "fallback_triggered": false,
    "fallback_reason": null
  }
}

============================================================
  Case 4 – ANOMALY: QUANTITY slot contains non-numeric 'naik' (safe fallback)
============================================================
{
  "status": "SUCCESS",
  "command": {
    "intent": "DIRECT_COMMAND",
    "action": "MOVE_ARM_UP"
  },
  "parameters": {
    "spatial": {
      "direction": "UP",
      "quantity": 1.0,
      "unit": "METER"
    },
    "temporal": {
      "is_scheduled": false,
      "execute_at": null,
      "interval_quantity": null,
      "interval_unit": null
    }
  },
  "pipeline_metadata": {
    "fallback_triggered": true,
    "fallback_reason": "DIRECTION_FALLBACK: No DIRECTION slot found for action 'MOVE_ARM_UP'. Assigned default direction 'UP'. | QUANTITY_PARSE_FAILED: unrecognized value 'naik', defaulting to 1.0"
  }
}

============================================================
  Case 5 – FALLBACK: DIRECT_COMMAND 'maju 5 meter' with no DIRECTION slot
============================================================
{
  "status": "SUCCESS",
  "command": {
    "intent": "DIRECT_COMMAND",
    "action": "MOVE_FORWARD"
  },
  "parameters": {
    "spatial": {
      "direction": "FRONT",
      "quantity": 5.0,
      "unit": "METER"
    },
    "temporal": {
      "is_scheduled": false,
      "execute_at": null,
      "interval_quantity": null,
      "interval_unit": null
    }
  },
  "pipeline_metadata": {
    "fallback_triggered": true,
    "fallback_reason": "DIRECTION_FALLBACK: No DIRECTION slot found for action 'MOVE_FORWARD'. Assigned default direction 'FRONT'."
  }
}

============================================================
  Case 6 – REPEATED_COMMAND: 'belok ke kanan setiap 5 menit'
============================================================
{
  "status": "SUCCESS",
  "command": {
    "intent": "REPEATED_COMMAND",
    "action": "ROTATE"
  },
  "parameters": {
    "spatial": {
      "direction": "RIGHT",
      "quantity": 1.0,
      "unit": "METER"
    },
    "temporal": {
      "is_scheduled": true,
      "execute_at": null,
      "interval_quantity": 5.0,
      "interval_unit": "MENIT"
    }
  },
  "pipeline_metadata": {
    "fallback_triggered": true,
    "fallback_reason": "QUANTITY_FALLBACK: No spatial quantity found, defaulting to 1.0 | UNIT_FALLBACK: No spatial unit found, defaulting to METER"
  }
}

============================================================
  Case 7 – REJECTED: UNKNOWN intent 'hari ini saya ingin makan'
============================================================
{
  "status": "REJECTED",
  "command": {
    "intent": "UNKNOWN",
    "action": null,
    "type": null
  },
  "parameters": {
    "spatial": {
      "direction": null,
      "quantity": null,
      "unit": null
    },
    "temporal": {
      "is_scheduled": false,
      "execute_at": null,
      "interval_quantity": null,
      "interval_unit": null
    }
  },
  "pipeline_metadata": {
    "fallback_triggered": true,
    "fallback_reason": "REJECTED: Intent classified as UNKNOWN. No valid command payload generated."
  }
}

============================================================
  Case 8 – Multi-slot REPEATED_COMMAND: 'tiap 5 menit belok ke kanan 90 derajat'
============================================================
{
  "status": "SUCCESS",
  "command": {
    "intent": "REPEATED_COMMAND",
    "action": "ROTATE"
  },
  "parameters": {
    "spatial": {
      "direction": "RIGHT",
      "quantity": 90.0,
      "unit": "DERAJAT"
    },
    "temporal": {
      "is_scheduled": true,
      "execute_at": null,
      "interval_quantity": 5.0,
      "interval_unit": "MENIT"
    }
  },
  "pipeline_metadata": {
    "fallback_triggered": false,
    "fallback_reason": null
  }
}

Grounding Verification complete! Log saved to: D:\Project\Axolotl\log\grounding_translator.log
